
> maza-online@1.0.0 build
> next build

npm.cmd : '"node"' is not recognized as an internal or external command,
At line:1 char:1
+ & "C:\Program Files\nodejs\npm.cmd" run build *> build_output.txt
+ ~~~~~~~~~~~~~~~~~~~~~~~~~~~~~~~~~~~~~~~~~~~~~~~~~~~~~~~~~~~~~~~~~
    + CategoryInfo          : NotSpecified: ('"node"' is not...ternal command,:String) [], RemoteException
    + FullyQualifiedErrorId : NativeCommandError
 
operable program or batch file.
